I'm sorry, but errors were detected in your script. Please correct the
errors listed below, and try again.


File "game/prolog.rpy", line 24: is not terminated with a newline. (Check strings and parenthesis.)
(Perhaps you left out a " at the end of the first line.)
        I could feel myself die a little as I tried to make sense of the announcement through a blurry vision."

Ren'Py Version: Ren'Py 8.2.0.24012702
Sun Feb 25 20:34:19 2024
